// Jest Snapshot v1, https://goo.gl/fbAQLP

exports[`PokemonPage component debe de hace match con el snapshot 1`] = `
<div>
  <div class="head">
    <h1 class="life">Vidas : 3</h1>
    <h1 class="points">Puntos : 0</h1>
  </div>
  <h1>Espere por favor...</h1>
</div>
`;

exports[`PokemonPage component debe de hacer match con el snapshot cuando cargan los pokemon 1`] = `
<div>
  <div class="head">
    <h1 class="life">Vidas : 3</h1>
    <h1 class="points">Puntos : 0</h1>
  </div>
  <div>
    <h1>¿Quien es este pokémon?</h1><!-- TODO:img-->
    <div>
      <div class="pokemon-container"><img src="https://raw.githubusercontent.com/PokeAPI/sprites/master/sprites/pokemon/other/dream-world/1.svg" class="hidden-pokemon" alt="pokemon"></div>
    </div><!-- TODO:Opciones-->
    <div>
      <div class="options-container">
        <ul>
          <li>pikachu</li>
          <li>venusaur</li>
          <li>charmeleon</li>
          <li>mew</li>
        </ul>
      </div>
    </div>
    <!--v-if-->
    <!--v-if-->
  </div>
</div>
`;
