// Jest Snapshot v1, https://goo.gl/fbAQLP

exports[`PokemonOptions Component debe de hacer match con el snapshot 1`] = `
<div>
  <div class="options-container">
    <ul>
      <li>pikachu</li>
      <li>venusaur</li>
      <li>charmeleon</li>
      <li>mew</li>
    </ul>
  </div>
</div>
`;
